[yassir.com/ar.html]
[yassir.com/images/common/favicon-yassir-forward.png]
[backblue.gif]
[fade.gif]
[index.html]
[yassir.com/images/common/iphone-frame.svg]
[yassir.com/index.html]
[yassir.com/_next/static/css/ebb1a49734afad4c.css]
[yassir.com/_next/static/css/6fb77ee813e5aa0a.css]
[yassir.com/_next/static/chunks/polyfills-42372ed130431b0a.js]
[yassir.com/_next/static/chunks/6628d2a0.96991fbf275657dc.js]
[yassir.com/_next/static/chunks/7867.16826524a57b6889.js]
[yassir.com/_next/static/chunks/4273.18b881d76c60f071.js]
[yassir.com/_next/static/chunks/3779.1a7b86121f216c06.js]
[yassir.com/_next/static/chunks/740.81a556092764e361.js]
[yassir.com/_next/static/chunks/9190.cd84e0771bae873e.js]
[yassir.com/_next/static/chunks/5303.b9af72d450042a33.js]
[yassir.com/_next/static/chunks/4988.f8ae9576538ce087.js]
[yassir.com/_next/static/chunks/5430.f3ca4db38d683518.js]
[yassir.com/_next/static/chunks/282.968ba4b7577fe9e6.js]
[yassir.com/_next/static/chunks/5856.3adc2a004e7a57d4.js]
[yassir.com/_next/static/chunks/6100.0d8960fd2a650006.js]
[yassir.com/_next/static/chunks/4211.14b9fa2690fe450e.js]
[yassir.com/_next/static/chunks/1240.08b0c3eb11a91232.js]
[yassir.com/_next/static/chunks/4446.09c1f7c43b1964e2.js]
[yassir.com/_next/static/chunks/2685.77541e14e97c87eb.js]
[yassir.com/_next/static/chunks/webpack-6be5ade6c2295aee.js]
[yassir.com/_next/static/chunks/framework-912131cc886948cf.js]
[yassir.com/_next/static/chunks/main-ce4c96b5dacbf01d.js]
[yassir.com/_next/static/chunks/9646-cffea451e93cb810.js]
[yassir.com/_next/static/chunks/8454-ee60b6ad8ff23df7.js]
[yassir.com/_next/static/chunks/pages/[[...slug]]-5f70d26517300d91.js]
[yassir.com/_next/static/mR4qdSnMOapdxmmlPOHA2/_buildManifest.js]
[yassir.com/_next/static/chunks/pages/_app-1bdc4747a77b2f69.js]
[yassir.com/_next/static/mR4qdSnMOapdxmmlPOHA2/_ssgManifest.js]
[yassir.com/images/common/logo-yassir-forward-symbol.svg]
[yassir.com/images/common/logo-yassir-forward-dark.svg]
[yassir.com/ar/business.html]
[yassir.com/ar/career.html]
[yassir.com/_next/ride-hailing-bg-arb231.png]
[yassir.com/_next/food-delivery-bg-ar6bb3.png]
[yassir.com/_next/drive-deliver-bg-ar1ae4.png]
[yassir.com/_next/yassir-ride-ar1640.png]
[yassir.com/_next/qrcode-app-downloadf136.png]
[yassir.com/_next/image-2-1f7bd.png]
[yassir.com/_next/image-20dcc.png]
[yassir.com/_next/image-2-2271f.png]
[yassir.com/_next/image-2-3d657.png]
[yassir.com/_next/image-2-4b5f4.png]
[yassir.com/_next/b2b-2aa91.png]
[yassir.com/images/common/logo-yassir-forward-light.svg]
[yassir.com/_next/googleplay-dark509b.png]
[yassir.com/_next/appstore-darke10f.png]
[yassir.com/ar/ride-hailing.html]
[yassir.com/ar/food-delivery.html]
[yassir.com/ar/grocery-delivery.html]
[yassir.com/ar/order-for-someone-else.html]
[yassir.com/ar/drivers.html]
[yassir.com/ar/delivery-men.html]
[yassir.com/ar/restaurant.html]
[yassir.com/ar/stores.html]
[yassir.com/ar/about-us.html]
[yassir.com/ar/hub.html]
[yassir.com/ar/algeria/contact-us.html]
[yassir.com/ar/privacy-policy.html]
[yassir.com/ar/terms-of-use.html]
[yassir.com/ar.html]
[yassir.com/images/common/iphone-frame.svg]
[yassir.com/ar/cookies.html]
[yassir.com/images/common/yassir-logo-rectangle.html]
[yassir.com/_next/static/chunks/4011.19f2fbde0db18e6e.js]
[yassir.com/en.html]
[yassir.com/en/business.html]
[yassir.com/en/career.html]
[yassir.com/_next/ride-hailing-bgbc25.png]
[yassir.com/_next/food-delivery-bgbe2c.png]
[yassir.com/_next/drive-deliver-bg543c.png]
[yassir.com/_next/yassir-ride-en5063.png]
[yassir.com/en/yassir-cash.48.delayed]
[yassir.com/en/ride-hailing.html]
[yassir.com/en/food-delivery.html]
[yassir.com/en/grocery-delivery.html]
[yassir.com/en/order-for-someone-else.html]
[yassir.com/en/drivers.html]
[yassir.com/en/delivery-men.html]
[yassir.com/en/restaurant.html]
[yassir.com/en/stores.html]
[yassir.com/en/yassir-agent.html]
[yassir.com/en/about-us.html]
[yassir.com/career.html]
[yassir.com/hub.html]
[yassir.com/en/algeria/contact-us.html]
[yassir.com/en/privacy-policy.html]
[yassir.com/en/terms-of-use.html]
[yassir.com/index.html]
[yassir.com/en/cookies.html]
[yassir.com/_next/static/media/Gellix-Thin.25f0845b.woff2]
[yassir.com/_next/static/media/Gellix-Light.518a34e0.woff2]
[yassir.com/_next/static/media/Gellix-Regular.88ae74ec.woff2]
[yassir.com/_next/static/media/Gellix-Medium.6b31b815.woff2]
[yassir.com/_next/static/media/Gellix-SemiBold.21e495e3.woff2]
[yassir.com/_next/static/media/Gellix-Bold.8f2bb0d6.woff2]
[yassir.com/_next/static/media/Gellix-ExtraBold.8b0cbef5.woff2]
[yassir.com/_next/static/media/Gellix-Black.73bbfda2.woff2]
[yassir.com/_next/static/media/TheSansArab-Light.26a8fa59.ttf]
[yassir.com/_next/static/media/TheSansArab-Plain.58f9337a.ttf]
[yassir.com/_next/static/media/TheSansArab-Bold.60319bf5.ttf]
[yassir.com/_next/static/media/TheSansArab-ExtraBold.fa5d866d.ttf]
[yassir.com/_next/static/media/TheSansArab-Black.6f4845bb.ttf]
[yassir.com/images/algeria/brand-arrow.png]
[yassir.com/images/common/arrow-pattern.png]
[yassir.com/images/common/arrow-top.png]
[yassir.com/images/common/banner-decoration-mobile.png]
[yassir.com/images/common/brand-arrows-background.png]
[yassir.com/images/common/map-mobile-bu.png]
[yassir.com/images/common/map.png]
[yassir.com/images/global/Pattern.png]
[yassir.com/images/global/ride-main-block/gradient.svg]
[yassir.com/images/common/yassir-pay-main-block-top-right.svg]
[yassir.com/images/algeria/brand-arrow-rtl.png]
[yassir.com/images/global/ride-main-block/gradient-sm.svg]
[yassir.com/images/global/values-decoration.png]
[yassir.com/images/common/banner-decoration.png]
[yassir.com/images/global/ride-main-block/gradient-md.svg]
[yassir.com/_next/static/css/ebb1a49734afad4c.css]
[yassir.com/_next/static/media/827d46c7c8eca363-s.p.woff2]
[yassir.com/_next/static/media/bf409932c46e5ec4-s.p.woff2]
[yassir.com/_next/static/media/3def7576a9d8f35b-s.p.woff2]
[yassir.com/_next/static/media/7d01d3d3f80c5a72-s.p.woff2]
[yassir.com/_next/static/media/10da85d5d5b52289-s.p.woff2]
[yassir.com/_next/static/media/ea51f00ba2d7e8ee-s.p.woff2]
[yassir.com/_next/static/media/c3019774e1542b34-s.p.woff2]
[yassir.com/_next/static/media/c1bdd6cdeedf2d2c-s.p.woff2]
[yassir.com/_next/static/media/6f4845bb4fb10121-s.p.ttf]
[yassir.com/_next/static/media/fa5d866dae5175ab-s.p.ttf]
[yassir.com/_next/static/media/60319bf56dd309da-s.p.ttf]
[yassir.com/_next/static/media/58f9337a5746ba28-s.p.ttf]
[yassir.com/_next/static/css/6fb77ee813e5aa0a.css]
[yassir.com/images/common/logo-yassir-forward-symbol.svg]
[yassir.com/images/common/logo-yassir-forward-dark.svg]
[yassir.com/_next/static/media/26a8fa597d138f3a-s.p.ttf]
[yassir.com/_next/static/chunks/232.d10c2c4463f5c7e3.js]
[yassir.com/_next/static/chunks/1252.a1ad58f6898f6824.js]
[yassir.com/_next/static/chunks/1440.4648336ac3503f85.js]
[yassir.com/_next/static/chunks/1697.41b53c812e03fa5d.js]
[yassir.com/_next/static/chunks/4037.81b850b504ad3ced.js]
[yassir.com/_next/static/chunks/6696.4eab20ada9fd728d.js]
[yassir.com/_next/echourouk0c61.png]
[yassir.com/_next/natixis4721.png]
[yassir.com/_next/samiratv8323.png]
[yassir.com/_next/amadeusb6c7.png]
[yassir.com/_next/flyemiratesa51b.png]
[yassir.com/_next/empolitic4c50.png]
[yassir.com/_next/merinala630.png]
[yassir.com/_next/decathlond363.png]
[yassir.com/_next/ouedkniss7a7e.png]
[yassir.com/_next/back-to-back-phone-pin-map-flag1796.png]
[yassir.com/ar/business-ridehailing.html]
[yassir.com/_next/salad28a2.png]
[yassir.com/_next/electronic-devicesc6e5.png]
[yassir.com/_next/package-logo9eee.png]
[yassir.com/_next/package-box-bowtie-gift-basicface.png]
[yassir.com/_next/numbers-image42b5.png]
[yassir.com/ar/business.html]
[yassir.com/_next/static/chunks/1175.7818c237619a094a.js]
[yassir.com/_next/static/chunks/6949.f5cc6f1d76b15284.js]
[yassir.com/_next/static/chunks/8478.21cd15e6cf4304df.js]
[yassir.com/_next/static/chunks/pages/career-25cfa66f18f3df9f.js]
[yassir.com/_next/main-block-career21bc.jpeg]
[yassir.com/career/jobs.html]
[yassir.com/_next/career-about-us-1fa99.png]
[yassir.com/_next/career-about-us-2d549.png]
[yassir.com/_next/career-about-us-3bf0a.png]
[yassir.com/_next/career-about-us-4fdfe.png]
[yassir.com/_next/career-about-us-5ce84.png]
[yassir.com/_next/career-about-us-6d870.png]
[yassir.com/_next/career-about-us-7b53a.png]
[yassir.com/_next/career-about-us-8d70a.png]
[yassir.com/_next/Noureddine-Tayebid611.png]
[yassir.com/_next/Ismail-Chaiba1c4.png]
[yassir.com/_next/Ahmed-Fathi0868.png]
[yassir.com/_next/Wassim-Youssefdd97.png]
[yassir.com/_next/Rabia-Farouk3f3e.png]
[yassir.com/_next/Riad-Krim7338.png]
[yassir.com/_next/Fella-Lazouni579a.png]
[yassir.com/_next/Zineb-Mezidi5270.png]
[yassir.com/_next/metrics6468.png]
[yassir.com/ar/career.html]
[yassir.com/images/common/logo-yassir-forward-light.svg]
[yassir.com/_next/static/chunks/3542.9e152aab851dc002.js]
[yassir.com/_next/static/chunks/3911.d8e57231401d8fd5.js]
[yassir.com/_next/static/chunks/4350.b29df7b93a49480c.js]
[yassir.com/_next/static/chunks/6428.32e78f728e750624.js]
[yassir.com/_next/image-1ec61.png]
[yassir.com/_next/comfortacff.png]
[yassir.com/_next/order-process-1-arad6a.jpeg]
[yassir.com/_next/googleplay-lightf9c2.png]
[yassir.com/_next/appstore-lighta997.png]
[yassir.com/ar/ride-hailing.html]
[yassir.com/_next/static/chunks/5744.0e0a36e5f985eaba.js]
[yassir.com/_next/carousel-cardbb88.png]
[yassir.com/_next/carousel-card-1894f.png]
[yassir.com/_next/carousel-card-28164.png]
[yassir.com/_next/carousel-card-3ee52.png]
[yassir.com/_next/carousel-card-499cd.png]
[yassir.com/_next/carousel-card-51a3d.png]
[yassir.com/_next/step-1-ar481a.png]
[yassir.com/ar/food-delivery.html]
[yassir.com/_next/hero-image-grocery-delivery0349.png]
[yassir.com/_next/carousel-card918f.png]
[yassir.com/_next/carousel-card-150f9.png]
[yassir.com/_next/carousel-card-2e103.png]
[yassir.com/_next/carousel-card-3d199.png]
[yassir.com/_next/carousel-card-4b535.png]
[yassir.com/_next/carousel-card-58675.png]
[yassir.com/_next/step-1-ar6c54.png]
[yassir.com/ar/grocery-delivery.html]
[yassir.com/_next/static/chunks/1771.42f171329a20f745.js]
[yassir.com/_next/static/chunks/7875.59e4c7811ab36d55.js]
[yassir.com/_next/static/chunks/3241.ac8572dd1f6ec2cf.js]
[yassir.com/_next/main-block-image877a.png]
[yassir.com/_next/map-mobilef8da.png]
[yassir.com/_next/map-desktop06d3.png]
[yassir.com/_next/input-delivery-data-ar1052.png]
[yassir.com/_next/select-goods-ar4a2b.png]
[yassir.com/_next/payment-ar90c6.png]
[yassir.com/_next/avatar479e6.png]
[yassir.com/_next/avatar3bc01.png]
[yassir.com/_next/avatar2b909.png]
[yassir.com/_next/avatar10371.png]
[yassir.com/ar/order-for-someone-else.html]
[yassir.com/_next/hero5f58.png]
[yassir.com/_next/driver-registration-arcd40.png]
[yassir.com/_next/driver-validation-arb985.png]
[yassir.com/_next/driver-training-ar0986.png]
[yassir.com/_next/driver-congratulation-ar6f29.png]
[yassir.com/_next/metrics-jumpercaa1.png]
[yassir.com/_next/avatar86637.png]
[yassir.com/_next/avatar72d21.png]
[yassir.com/_next/avatar6a3ff.png]
[yassir.com/_next/avatar51a74.png]
[yassir.com/ar/drivers.html]
[yassir.com/_next/static/chunks/6030.fb98867e36f17195.js]
[yassir.com/_next/hero-imagebdba.png]
[yassir.com/_next/registration-ar39c4.png]
[yassir.com/_next/validation-ar1f64.png]
[yassir.com/_next/training-ar145a.png]
[yassir.com/_next/congratulation-ar02e6.png]
[yassir.com/_next/metrics-image-arf480.png]
[yassir.com/_next/avatar12d801.png]
[yassir.com/_next/avatar11896e.png]
[yassir.com/_next/avatar1060ad.png]
[yassir.com/_next/avatar9d6f7.png]
[yassir.com/ar/delivery-men.html]
[yassir.com/_next/static/chunks/7178.41fd4705cd5c873f.js]
[yassir.com/_next/static/chunks/4434.8e8b1ef5bbb677af.js]
[yassir.com/_next/hero-restaurantc8a6.png]
[yassir.com/_next/restaurant-product-164fc.png]
[yassir.com/_next/restaurant-product-27bd1.png]
[yassir.com/_next/restaurant-product-37103.png]
[yassir.com/_next/restaurant-product-442c6.png]
[yassir.com/_next/restaurant-product-57a52.png]
[yassir.com/_next/restaurant-product-6052b.png]
[yassir.com/_next/restaurant-product-7df99.png]
[yassir.com/_next/restaurant-product-83edc.png]
[yassir.com/_next/restaurant-product-963cb.png]
[yassir.com/_next/restaurant-ar8c35.png]
[yassir.com/_next/benefits_desktop_1_restaurant_arc056.png]
[yassir.com/_next/benefits_desktop_2_restaurant_ara03d.png]
[yassir.com/_next/registration-step-arfddb.png]
[yassir.com/_next/validation-step-arf8cb.png]
[yassir.com/_next/training-step-restaurant9c30.png]
[yassir.com/_next/congratulations-step-are9ca.png]
[yassir.com/_next/metrics-jumper83ba.png]
[yassir.com/_next/avatar171009.png]
[yassir.com/_next/avatar16a77a.png]
[yassir.com/_next/avatar1507f5.png]
[yassir.com/_next/avatar140ad4.png]
[yassir.com/ar/restaurant.html]
[yassir.com/_next/store-hero8c3f.png]
[yassir.com/_next/product7e3f9.png]
[yassir.com/_next/product893e1.png]
[yassir.com/_next/product99c41.png]
[yassir.com/_next/product56d9d.png]
[yassir.com/_next/product67962.png]
[yassir.com/_next/product103fd7.png]
[yassir.com/_next/product11155f.png]
[yassir.com/_next/product1278b8.png]
[yassir.com/_next/product138e4c.png]
[yassir.com/_next/stores-phone-ar6900.png]
[yassir.com/_next/product441a0.png]
[yassir.com/_next/product2e441.png]
[yassir.com/_next/product3842c.png]
[yassir.com/_next/benefits_desktop_1_arb6ed.jpeg]
[yassir.com/_next/benefits_desktop_2_arbbf6.jpeg]
[yassir.com/_next/training-step71c3.png]
[yassir.com/_next/avatar136760.png]
[yassir.com/ar/stores.html]
[yassir.com/_next/static/chunks/4517.d76741022527732f.js]
[yassir.com/_next/static/chunks/1672.2458ebb49e8414f1.js]
[yassir.com/_next/static/chunks/8317.13072255b6bcb677.js]
[yassir.com/_next/static/chunks/6971.4e56e651709d7cc8.js]
[yassir.com/_next/static/chunks/9752.32f6deee4bbc2a3a.js]
[yassir.com/_next/static/chunks/4696.7b6ef6b85cf22975.js]
[yassir.com/_next/about-us9c6a.png]
[yassir.com/images/common/timeline.svg]
[yassir.com/images/common/years-ar.svg]
[yassir.com/_next/timeline-photo-16ea7.png]
[yassir.com/_next/timeline-photo-1-2a0c2.png]
[yassir.com/_next/timeline-photo-1-30e07.png]
[yassir.com/_next/timeline-photo-2ce4d.png]
[yassir.com/_next/timeline-photo-2-289a7.png]
[yassir.com/_next/timeline-photo-2-3ba55.png]
[yassir.com/_next/timeline-photo-3ee8d.png]
[yassir.com/_next/timeline-photo-3-29ece.png]
[yassir.com/_next/timeline-photo-3-3ab4f.png]
[yassir.com/_next/timeline-photo-47b84.png]
[yassir.com/_next/timeline-photo-4-205c7.png]
[yassir.com/_next/timeline-photo-4-37649.png]
[yassir.com/_next/timeline-photo-591d0.png]
[yassir.com/_next/timeline-photo-5-2c214.png]
[yassir.com/_next/timeline-photo-5-328bc.png]
[yassir.com/_next/timeline-photo-6970d.png]
[yassir.com/_next/timeline-photo-6-22ec4.png]
[yassir.com/_next/timeline-photo-6-353ea.png]
[yassir.com/images/common/groupCircles.svg]
[yassir.com/_next/mapMobiled651.png]
[yassir.com/_next/mapDesktopddbd.png]
[yassir.com/business.html]
[yassir.com/_next/echourouk5f62.png]
[yassir.com/_next/natixis3333.png]
[yassir.com/_next/samiratv968d.png]
[yassir.com/_next/amadeus625c.png]
[yassir.com/_next/flyemirates0f76.png]
[yassir.com/_next/empolitic6f2a.png]
[yassir.com/_next/merinalaf7f.png]
[yassir.com/_next/decathlon791a.png]
[yassir.com/_next/ouedkniss236d.png]
[yassir.com/_next/photo-2be4c.png]
[yassir.com/_next/photo-94c3a.png]
[yassir.com/_next/photo-4644a.png]
[yassir.com/_next/photo-10c5e1.png]
[yassir.com/_next/photo-6540d.png]
[yassir.com/_next/metricsdd0e.png]
[yassir.com/ar/about-us.html]
[yassir.com/_next/static/chunks/1148.e4176532c19c6b39.js]
[yassir.com/_next/static/chunks/720.c06f503dd3338fa6.js]
[yassir.com/_next/static/chunks/pages/hub-a701f4f351d415b7.js]
[yassir.com/_next/fund_raising_150m_1f23bf33a9afe3.jpeg]
[yassir.com/ar/news/aelnt-yasyr-why-swq-ebr-alintrnt-tqdm-khdmat-hsb-altlb-mthl-alnql-wtwsyl-alteam-walmshtryat-balidaft-ila-alkhdmat-almalyt-alywm-en-jmeha-lmblgh-qdrh-150-mlywn-dwlar-fy-jwlt-tmwyl-alslslt-b-]
[yassir.com/ar/news.html]
[yassir.com/ar/news/aktshf-kyf-ttwse-raydt-khdmat-altlb-hdhh-me-dem-bqymt-30-mlywn-dwlar-wkhtt-llsytrt-ela-ghrb-afryqya-tjme-yasyr-byn-altknwlwjya-walmwahb-almhlyt-lhlwl-tghyyr-allebt-ahsl-ela-melwmat-hsryt-hw]
[yassir.com/ar/news/yqdm-nady-barys-san-jyrman-wyasyr-alttbyq-alrqmy-aldhy-yqdm-khdmat-altlb-waldfe-fy-shmal-afryqya-twqye-shrakt-ealmyt-lmdt-thlath-mwasm-bhdf-ttwyr-elamt-yasyr-ela-alseydyn-aldwly-1.156.delay]
[yassir.com/_next/africa_expansion_d9c23dc11837e0.jpeg]
[yassir.com/_next/psg_partnership_06bf269225895f.jpeg]
[yassir.com/ar/hub.html]
[yassir.com/_next/static/chunks/5555.7a1e1f2b768dd26a.js]
[yassir.com/ar/algeria.html]
[yassir.com/ar/algeria/business.html]
[yassir.com/_next/contact-person-desktop-brand3a74.png]
[yassir.com/ar/algeria/yassir-cash.html]
[yassir.com/ar/algeria/ride-hailing.html]
[yassir.com/ar/algeria/food-delivery.html]
[yassir.com/ar/algeria/grocery-delivery.html]
[yassir.com/ar/algeria/order-for-someone-else.html]
[yassir.com/ar/algeria/drivers.html]
[yassir.com/ar/algeria/cargo-drivers.html]
[yassir.com/ar/algeria/delivery-men.html]
[yassir.com/ar/algeria/restaurant.html]
[yassir.com/ar/algeria/stores.html]
[yassir.com/ar/algeria/yassir-agent.html]
[yassir.com/ar/algeria/about-us.html]
[yassir.com/ar/algeria/privacy-policy.html]
[yassir.com/ar/algeria/terms-of-use.html]
[yassir.com/ar/algeria/contact-us.html]
[yassir.com/ar/algeria/cookies.html]
[yassir.com/_next/static/chunks/6784.2a724ad38015c3e2.js]
[yassir.com/_next/static/chunks/2946.853088656b322f74.js]
[yassir.com/_next/privacy-policy71ca.png]
[yassir.com/ar/privacy-policy.html]
[yassir.com/_next/terms-of-use79b1.png]
[yassir.com/ar/terms-of-use.html]
[yassir.com/_next/cookies22cb.png]
[yassir.com/ar/cookies.html]
[yassir.com/images/common/yassir-logo-rectangle.html]
[yassir.com/en.html]
[yassir.com/images/common/logo-yassir-rectangle.png]
[yassir.com/en/business.html]
[yassir.com/en/business-ridehailing.html]
[yassir.com/en/career.html]
[yassir.com/en/yassir-cash.html]
[yassir.com/en/career/jobs.html]
[yassir.com/ride-hailing.html]
[yassir.com/_next/order-process-1-en529b.jpeg]
[yassir.com/en/ride-hailing.html]
[yassir.com/_next/step-1-enea55.png]
[yassir.com/en/food-delivery.html]
[yassir.com/en/grocery-delivery38fa.html]
[yassir.com/_next/step-1-enaf87.png]
[yassir.com/en/grocery-delivery.html]
[yassir.com/order-for-someone-else.html]
[yassir.com/_next/input-delivery-data5c70.png]
[yassir.com/_next/select-goodsfe1b.png]
[yassir.com/_next/payment7019.png]
[yassir.com/en/order-for-someone-else.html]
[yassir.com/drivers.html]
[yassir.com/_next/registration-end98d.png]
[yassir.com/_next/validation-enf73c.png]
[yassir.com/_next/training-en06f0.png]
[yassir.com/_next/congratulations-en91f7.png]
[yassir.com/en/drivers.html]
[yassir.com/delivery-men.html]
[yassir.com/_next/validationa4b0.png]
[yassir.com/_next/traininga17a.png]
[yassir.com/_next/congratulationsfaf6.png]
[yassir.com/_next/numbers-image5cd3.png]
[yassir.com/en/delivery-men.html]
[yassir.com/_next/restaurant-en3e4e.png]
[yassir.com/_next/benefits_desktop_2_restaurant_ena5fb.png]
[yassir.com/_next/benefits_desktop_1_restaurant_en9b01.png]
[yassir.com/_next/registration-step-en79e9.png]
[yassir.com/_next/validation-step-enb7ff.png]
[yassir.com/_next/congratulations-step-en5c4b.png]
[yassir.com/en/restaurant.html]
[yassir.com/stores.html]
[yassir.com/_next/stores-phone-en01fc.png]
[yassir.com/_next/benefits_desktop_168b3.jpeg]
[yassir.com/_next/benefits_desktop_25205.jpeg]
[yassir.com/en/stores.html]
[yassir.com/en/yassir-agent.html]
[yassir.com/about-us.html]
[yassir.com/en/about-us.html]
[yassir.com/career.html]
[yassir.com/images/common/years.svg]
[yassir.com/en/news/the-paris-saint-germain-and-yassir-have-signed-a-global-partnership.html]
[yassir.com/en/news/yassir-raises-150-million-in-series-b-funding-from-global-investors-for-on-demand-services-marketplace.html]
[yassir.com/en/news/discover-yassir-s-strategic-move-into-africa-opening-its-first-office-in-dakar-senegal.html]
[yassir.com/en/news.html]
[yassir.com/_next/Yassir_Senegal_ba01056b23a965.jpeg]
[yassir.com/en/blog.html]
[yassir.com/en/blog/how-we-achieved-a-93-success-rate-in-digital-payments-and-what-it-means-for-the-rest-of-africa.html]
[yassir.com/_next/93_success_rate_in_digital_payment_7576201d8215dd.jpeg]
[yassir.com/en/blog/from-collaboration-to-system-the-birth-of-sefar.html]
[yassir.com/_next/The_Birth_of_SEFAR_3_cc8b6a9687ae12.jpeg]
[yassir.com/en/blog/how-platform-engineering-is-transforming-the-use-of-modern-day-cloud-native-technologies.html]
[yassir.com/_next/Platform_Engineering_1_8d110ba77dcc91.jpeg]
[yassir.com/en/blog/mastering-ok-rs-is-losing-weight-an-objective-or-a-key-result.html]
[yassir.com/_next/OKR_2_4e6b1d1fac23da.jpeg]
[yassir.com/en/blog/driving-engineering-performance-the-yassir-way.html]
[yassir.com/_next/Driving_Engineering_Performance_1_2ed8b8e16da979.jpeg]
[yassir.com/en/blog/yassir-meets-cairo-s-vibrant-tech-ecosystem.html]
[yassir.com/_next/Cairo_Blog_d8103dc1f261c2.jpeg]
[yassir.com/hub.html]
[yassir.com/en/algeria.html]
[yassir.com/en/algeria/business.html]
[yassir.com/en/algeria/yassir-cash.html]
[yassir.com/en/algeria/ride-hailing.html]
[yassir.com/en/algeria/food-delivery.html]
[yassir.com/en/algeria/grocery-delivery.html]
[yassir.com/en/algeria/order-for-someone-else.html]
[yassir.com/en/algeria/drivers.html]
[yassir.com/en/algeria/cargo-drivers.html]
[yassir.com/en/algeria/delivery-men.html]
[yassir.com/en/algeria/restaurant.html]
[yassir.com/en/algeria/stores.html]
[yassir.com/en/algeria/yassir-agent.html]
[yassir.com/en/algeria/about-us.html]
[yassir.com/en/algeria/privacy-policy.html]
[yassir.com/en/algeria/terms-of-use.html]
[yassir.com/en/algeria/contact-us.html]
[yassir.com/en/privacy-policy.html]
[yassir.com/en/terms-of-use.html]
[yassir.com/en/cookies.html]
[yassir.com/images/global/ride-main-block/gradient.svg]
[yassir.com/images/common/yassir-agent-gradient-primary.svg]
[yassir.com/images/common/yassir-agent-gradient-secondary.svg]
[yassir.com/images/common/yassir-pay-footer-center.svg]
[yassir.com/images/common/yassir-pay-footer-left.svg]
[yassir.com/images/common/yassir-pay-footer-top-right.svg]
[yassir.com/images/common/yassir-pay-main-block-bottom-right.svg]
[yassir.com/images/common/yassir-pay-main-block-top-left.svg]
[yassir.com/images/common/yassir-pay-main-block-top-right.svg]
[yassir.com/images/global/ride-main-block/gradient-sm.svg]
[yassir.com/images/global/ride-main-block/gradient-md.svg]
[yassir.com/images/global/ride-main-block/gradient-lg.svg]
[yassir.com/images/global/ride-main-block/gradient-xl.svg]
[yassir.com/en/algeria/cookies.html]
[yassir.com/_next/static/chunks/4940.aee939077402d0f5.js]
[yassir.com/_next/business-header0dfc.png]
[yassir.com/_next/manage-program-ar-mobile3e0c.png]
[yassir.com/_next/B2B-ar-benefit-highlight-desktop-182b3.png]
[yassir.com/_next/B2B-ar-benefit-highlight-desktop-2f604.png]
[yassir.com/_next/B2B-ar-benefit-desktop-383c6.png]
[yassir.com/ar/business-ridehailing.html]
[yassir.com/_next/static/chunks/3592.4e4911686710f1ef.js]
[yassir.com/_next/static/chunks/1310.219192c1a0d7e08b.js]
[yassir.com/_next/static/chunks/pages/career/jobs-49cab34469459674.js]
[yassir.com/_next/career-open-positions5b56.jpeg]
[yassir.com/_next/warning1288.png]
[yassir.com/career/jobs.html]
[yassir.com/images/common/road.svg]
[yassir.com/images/common/timeline.svg]
[yassir.com/images/common/years-ar.svg]
[yassir.com/images/common/vertical-desktop-line.svg]
[yassir.com/images/common/vector-mobile.svg]
[yassir.com/images/common/vector-desktop.svg]
[yassir.com/images/common/groupCircles.svg]
[yassir.com/business.html]
[yassir.com/_next/static/chunks/3952-9ed629784bc6a91d.js]
[yassir.com/_next/static/chunks/8473.246ab1f4d996ce93.js]
[yassir.com/_next/static/chunks/7354.bba8c330f4063a08.js]
[yassir.com/ar/news/aelnt-yasyr-why-swq-ebr-alintrnt-tqdm-khdmat-hsb-altlb-mthl-alnql-wtwsyl-alteam-walmshtryat-balidaft-ila-alkhdmat-almalyt-alywm-en-jmeha-lmblgh-qdrh-150-mlywn-dwlar-fy-jwlt-tmwyl-alslslt-b-]
[yassir.com/ar/news/aktshf-kyf-ttwse-raydt-khdmat-altlb-hdhh-me-dem-bqymt-30-mlywn-dwlar-wkhtt-llsytrt-ela-ghrb-afryqya-tjme-yasyr-byn-altknwlwjya-walmwahb-almhlyt-lhlwl-tghyyr-allebt-ahsl-ela-melwmat-hsryt-hw]
[yassir.com/ar/news/yqdm-nady-barys-san-jyrman-wyasyr-alttbyq-alrqmy-aldhy-yqdm-khdmat-altlb-waldfe-fy-shmal-afryqya-twqye-shrakt-ealmyt-lmdt-thlath-mwasm-bhdf-ttwyr-elamt-yasyr-ela-alseydyn-aldwly-1.156.delay]
[yassir.com/_next/static/chunks/pages/news/[slug]-c2fe6364a4faf56c.js]
[yassir.com/ar/news/yqdm-nady-barys-san-jyrman-wyasyr-alttbyq-alrqmy-aldhy-yqdm-khdmat-altlb-waldfe-fy-shmal-afryqya-twqye-shrakt-ealmyt-lmdt-thlath-mwasm-bhdf-ttwyr-elamt-yasyr-ela-alseydyn-aldwly-2.1c7.delay]
[yassir.com/_next/static/chunks/5820.2a553d059962b780.js]
[yassir.com/ar/news.html]
[yassir.com/_next/static/chunks/pages/news-755e2c2683f21165.js]
[yassir.com/_next/static/chunks/8000.6d9834b6adebf49d.js]
[yassir.com/_next/static/chunks/2155.a3ad8fbc09b5521e.js]
[yassir.com/_next/static/chunks/1348.8e90c6e9de858117.js]
[yassir.com/_next/super-app-mane333.png]
[yassir.com/_next/transport-10b93.png]
[yassir.com/_next/transport-26c18.png]
[yassir.com/_next/transport-main94c5.png]
[yassir.com/_next/transport-378af.jpeg]
[yassir.com/_next/metricsc17a.png]
[yassir.com/_next/food-delivery-18df1.png]
[yassir.com/_next/food-delivery-2602c.png]
[yassir.com/_next/food-delivery-maineffa.png]
[yassir.com/_next/food-delivery-3d8da.jpeg]
[yassir.com/_next/arrow-bgf8f1.png]
[yassir.com/_next/partners-ar737a.png]
[yassir.com/_next/b2b-1bd9d.jpeg]
[yassir.com/_next/b2b-2f345.jpeg]
[yassir.com/ar/algeria.html]
[yassir.com/ar/algeria/business.html]
[yassir.com/ar/algeria/business-ridehailing.html]
[yassir.com/_next/static/chunks/3586.0355aa8d47e74c71.js]
[yassir.com/_next/static/chunks/2456.50379d4ed1434d5e.js]
[yassir.com/_next/static/chunks/5550.93773f0d04fc8136.js]
[yassir.com/_next/static/chunks/8274.21efb09c663581da.js]
[yassir.com/_next/static/chunks/7278.33ddd83e394d9ea9.js]
[yassir.com/_next/pay-features-mobile-1-ar7b24.png]
[yassir.com/_next/pay-features-mobile-2-ar8ad6.png]
[yassir.com/_next/pay-features-mobile-3-ar51d7.png]
[yassir.com/en/agent.html]
[yassir.com/_next/hero-image-cashdd5a.png]
[yassir.com/images/global/bg-pattern.png]
[yassir.com/_next/yassir-app-phone-arf029.png]
[yassir.com/ar/algeria/yassir-cash.html]
[yassir.com/_next/order-process-1-ar6bc5.png]
[yassir.com/ar/algeria/ride-hailing.html]
[yassir.com/ar/algeria/food-delivery.html]
[yassir.com/ar/algeria/grocery-delivery.html]
[yassir.com/ar/algeria/order-for-someone-else.html]
[yassir.com/_next/registration-ar87e8.png]
[yassir.com/_next/validation-ar8a39.png]
[yassir.com/_next/training-ar19ce.png]
[yassir.com/_next/congratulations-ar082b.png]
[yassir.com/_next/avatar852eb.png]
[yassir.com/_next/avatar777e8.png]
[yassir.com/_next/avatar62a42.png]
[yassir.com/_next/avatar56975.png]
[yassir.com/ar/algeria/drivers.html]
[yassir.com/_next/cargo-homeff7a.png]
[yassir.com/_next/cargo-registration-ara4b9.png]
[yassir.com/_next/cargo-validation-ar8acd.png]
[yassir.com/_next/cargo-training-ara43f.png]
[yassir.com/_next/cargo-congratulation-ar3c71.png]
[yassir.com/ar/algeria/cargo-drivers.html]
[yassir.com/_next/hero-image748e.png]
[yassir.com/_next/del-registration-ar8092.png]
[yassir.com/_next/del-validation-ar18bd.png]
[yassir.com/_next/del-congratulations-ar1456.png]
[yassir.com/_next/numbers-image1bf8.png]
[yassir.com/_next/avatar12d36f.png]
[yassir.com/_next/avatar1183aa.png]
[yassir.com/_next/avatar1028a5.png]
[yassir.com/_next/avatar9b607.png]
[yassir.com/ar/algeria/delivery-men.html]
[yassir.com/ar/algeria/restaurant.html]
[yassir.com/ar/algeria/stores.html]
[yassir.com/_next/static/chunks/9904.91ec3a9d95da3686.js]
[yassir.com/images/common/yassir-pattern.png]
[yassir.com/images/common/yassir-agent/yassir-agent-banner-ar.png]
[yassir.com/_next/step-partner-ar-1ea3e.png]
[yassir.com/_next/step-partner-ar-2133e.png]
[yassir.com/_next/step-partner-ar-32924.png]
[yassir.com/_next/step-partner-ar-41941.png]
[yassir.com/_next/step-1-arca62.png]
[yassir.com/ar/algeria/yassir-agent.html]
[yassir.com/ar/algeria/about-us.html]
[yassir.com/ar/algeria/privacy-policy.html]
[yassir.com/ar/algeria/terms-of-use.html]
[yassir.com/ar/algeria/cookies.html]
[yassir.com/_next/manage-program-en-mobilea1ee.png]
[yassir.com/_next/B2B-en-benefit-highlight-desktop-1890a.png]
[yassir.com/_next/B2B-en-benefit-highlight-desktop-2a6f5.png]
[yassir.com/_next/B2B-en-benefit-desktop-369fc.png]
[yassir.com/en/business-ridehailing.html]
[yassir.com/en/career/jobs.html]
[yassir.com/ride-hailing.html]
[yassir.com/en/grocery-delivery38fa.html]
[yassir.com/order-for-someone-else.html]
[yassir.com/drivers.html]
[yassir.com/delivery-men.html]
[yassir.com/_next/image989f.html]
[yassir.com/stores.html]
[yassir.com/about-us.html]
[yassir.com/images/common/years.svg]
[yassir.com/en/news/the-paris-saint-germain-and-yassir-have-signed-a-global-partnership.html]
[yassir.com/en/news/yassir-raises-150-million-in-series-b-funding-from-global-investors-for-on-demand-services-marketplace.html]
[yassir.com/en/news/discover-yassir-s-strategic-move-into-africa-opening-its-first-office-in-dakar-senegal.html]
[yassir.com/en/news.html]
[yassir.com/_next/static/chunks/3223.47c30261980d04a9.js]
[yassir.com/_next/static/chunks/pages/blog-75da63efb18d616f.js]
[yassir.com/_next/Cairo_Blog_d8103dc1f2b645.jpeg]
[yassir.com/_next/93_success_rate_in_digital_payment_7576201d82bb38.jpeg]
[yassir.com/_next/The_Birth_of_SEFAR_3_cc8b6a96879297.jpeg]
[yassir.com/en/blog/hotline-bling-bringing-drivers-and-riders-closer-through-in-app-chat.html]
[yassir.com/_next/Hotline_Bling_2_8a731103cb3d47.jpeg]
[yassir.com/en/blog.html]
[yassir.com/_next/static/chunks/pages/blog/[slug]-95623e90c580bd72.js]
[yassir.com/_next/Hotline_Bling_2_8a731103cb4e51.jpeg]
[yassir.com/_next/Driving_Engineering_Performance_1_2ed8b8e16d520b.jpeg]
[yassir.com/en/blog/8-lessons-from-the-yc-future-founder-school-to-improve-product-management.html]
[yassir.com/_next/YC_Future_Founder_School_1_d409be9f964805.jpeg]
[yassir.com/en/blog/how-we-achieved-a-93-success-rate-in-digital-payments-and-what-it-means-for-the-rest-of-africa.html]
[yassir.com/_next/93_success_rate_in_digital_payment_7576201d820f3f.jpeg]
[yassir.com/en/blog/from-collaboration-to-system-the-birth-of-sefar.html]
[yassir.com/en/blog/how-platform-engineering-is-transforming-the-use-of-modern-day-cloud-native-technologies.html]
[yassir.com/en/blog/mastering-ok-rs-is-losing-weight-an-objective-or-a-key-result.html]
[yassir.com/en/blog/how-yassir-became-more-efficient-and-innovative-through-product-minded-engineering-teams.html]
[yassir.com/_next/Product_Minded_Engineering_Teams_1_e8a5ab75f31053.jpeg]
[yassir.com/_next/OKR_2_4e6b1d1fac213a.jpeg]
[yassir.com/en/blog/driving-engineering-performance-the-yassir-way.html]
[yassir.com/en/blog/yassir-celebrates-women-in-tech.html]
[yassir.com/_next/Women_in_Tech_1_9616e83a99a410.jpeg]
[yassir.com/en/blog/yassir-meets-cairo-s-vibrant-tech-ecosystem.html]
[yassir.com/_next/partners-ena147.png]
[yassir.com/en/algeria.html]
[yassir.com/en/algeria/business.html]
[yassir.com/en/algeria/business-ridehailing.html]
[yassir.com/_next/pay-features-mobile-1e088.png]
[yassir.com/_next/pay-features-mobile-23656.png]
[yassir.com/_next/pay-features-mobile-3d867.png]
[yassir.com/_next/yassir-app-phone-enff6b.png]
[yassir.com/en/algeria/yassir-cash.html]
[yassir.com/_next/order-process-1-en2e1f.png]
[yassir.com/en/algeria/ride-hailing.html]
[yassir.com/en/algeria/food-delivery.html]
[yassir.com/en/algeria/grocery-delivery.html]
[yassir.com/_next/main-block-imageace4.png]
[yassir.com/_next/input-delivery-data-enf391.png]
[yassir.com/_next/select-goods-en8d6d.png]
[yassir.com/_next/payment-en48a6.png]
[yassir.com/_next/avatar124ee.png]
[yassir.com/_next/avatar2cacd.png]
[yassir.com/_next/avatar35762.png]
[yassir.com/_next/avatar4f623.png]
[yassir.com/en/algeria/order-for-someone-else.html]
[yassir.com/en/algeria/drivers.html]
[yassir.com/_next/cargo-registration-en30f4.png]
[yassir.com/_next/cargo-validation-en600a.png]
[yassir.com/_next/cargo-training-en0211.png]
[yassir.com/_next/cargo-congratulation-en9ecb.png]
[yassir.com/en/algeria/cargo-drivers.html]
[yassir.com/_next/del-registration-encbad.png]
[yassir.com/_next/del-validation-ene384.png]
[yassir.com/_next/del-congratulations-en772f.png]
[yassir.com/en/algeria/delivery-men.html]
[yassir.com/en/algeria/restaurant.html]
[yassir.com/en/algeria/stores.html]
[yassir.com/images/common/yassir-agent/yassir-agent-banner-en.png]
[yassir.com/_next/step-partner-en-18234.png]
[yassir.com/_next/step-partner-en-2bfe1.png]
[yassir.com/_next/step-partner-en-30b25.png]
[yassir.com/_next/step-partner-en-42585.png]
[yassir.com/_next/step-1-enf594.png]
[yassir.com/en/algeria/yassir-agent.html]
[yassir.com/en/algeria/about-us.html]
[yassir.com/en/algeria/privacy-policy.html]
[yassir.com/en/algeria/terms-of-use.html]
[yassir.com/en/algeria/cookies.html]
[yassir.com/ar/news/yqdm-nady-barys-san-jyrman-wyasyr-alttbyq-alrqmy-aldhy-yqdm-khdmat-altlb-waldfe-fy-shmal-afryqya-twqye-shrakt-ealmyt-lmdt-thlath-mwasm-bhdf-ttwyr-elamt-yasyr-ela-alseydyn-aldwly-2.1c7.delay]
[yassir.com/business/index.html]
[yassir.com/ar/algeria/business-ridehailing.html]
[yassir.com/en/agent.html]
[storage.googleapis.com/cms-strapi-bucket-stg/Hotline_Bling_1_cc518e319c/Hotline Bling 1.gif]
[yassir.com/en/blog/building-ethical-ai-for-africa-at-yassir.html]
[yassir.com/_next/Building_Ethical_AI_3_24a4834860a5d9.jpeg]
[yassir.com/en/blog/hotline-bling-bringing-drivers-and-riders-closer-through-in-app-chat.html]
[yassir.com/_next/YC_Future_Founder_School_1_d409be9f96ab66.jpeg]
[yassir.com/en/blog/8-lessons-from-the-yc-future-founder-school-to-improve-product-management.html]
[yassir.com/_next/Product_Minded_Engineering_Teams_1_e8a5ab75f33a4e.jpeg]
[storage.googleapis.com/cms-strapi-bucket-stg/Product_Minded_Engineering_Teams_2_ad7bbc46c6/Product-Minded Engineering Teams 2.gif]
[yassir.com/en/blog/how-yassir-became-more-efficient-and-innovative-through-product-minded-engineering-teams.html]
[yassir.com/_next/Women_in_Tech_1_9616e83a992f48.jpeg]
[yassir.com/en/blog/i-am-not-disabled-i-am-differently-abled.html]
[yassir.com/_next/I_am_Differently_Abled_1_02e58b28c1535b.jpeg]
[yassir.com/en/blog/yassir-celebrates-women-in-tech.html]
[yassir.com/en/algeria/business-ridehailing.html]
[yassir.com/_next/Building_Ethical_AI_3_24a48348601d93.jpeg]
[yassir.com/en/blog/building-ethical-ai-for-africa-at-yassir.html]
[yassir.com/_next/I_am_Differently_Abled_1_02e58b28c109ac.jpeg]
[yassir.com/en/blog/i-am-not-disabled-i-am-differently-abled.html]
